   111 a28637764107640c29340a224a1183ac _tmp/regtest/__init__.pyc
   115 08bde2e24d630e78f85c00737f19b474 _tmp/regtest/bin/__init__.pyc
   115 755e1bcec642e00b807e904268167509 _tmp/regtest/osh/__init__.pyc
   115 890b5999cfc3a4461ee1dc327904e4fa _tmp/regtest/oil/__init__.pyc
   115 9cd6d5160c937ab685fac24ab7a4934d _tmp/regtest/opy/__init__.pyc
   116 53b6350fe8a61a0d2e4661adfe8a79d8 _tmp/regtest/asdl/__init__.pyc
   116 b8df316154412cceb1a59fd907d4c848 _tmp/regtest/core/__init__.pyc
   117 17478131adf2ed24e3567d39fe940048 _tmp/regtest/tools/__init__.pyc
   120 7f3b041bcd8f3363204a09f8fe8b91b9 _tmp/regtest/opy/misc/__init__.pyc
   121 acbe97f2304c27a9c30adcea26f9a3d7 _tmp/regtest/_devbuild/__init__.pyc
   122 1603c1d032208b29445513425d8f2fc4 _tmp/regtest/benchmarks/__init__.pyc
   123 939c8c49516b0a580effff63a321fd8a _tmp/regtest/opy/byterun/__init__.pyc
   125 13dfad5df4d792d155283e73d09f3466 _tmp/regtest/_devbuild/gen/__init__.pyc
   125 880328081977cb14053b4b8017b08cf2 _tmp/regtest/opy/compiler2/__init__.pyc
   167 735ea593f1652f811af5d6990dfef20d _tmp/regtest/opy/pgen2/__init__.pyc
   171 c7c8f7ce5d94e8217b1ddb59ab1e259d _tmp/regtest/opy/testdata/hello_py3.pyc
   218 e88f511b8d6ba81d50b7e3a4846375b0 _tmp/regtest/opy/testdata/hello_py2_print.pyc
   239 0681d21f5fc3f6731f9c3fdf6d72bbe9 _tmp/regtest/asdl/const.pyc
   264 d01a3b6db9c62dbfc27fb974905046cb _tmp/regtest/struct.pyc
   285 4ff57ca677b7e023047ed9b3edcac48a _tmp/regtest/spec/bin/argv.pyc
   309 d227c7a6886bcd33ce593dffb4ffd9c3 _tmp/regtest/opy/testdata/hello_py2.pyc
   310 2bad7367836efd20df198413c1cf9dee _tmp/regtest/build/testdata/future_import.pyc
   392 20125a78f66e0cd06984f6164781c257 _tmp/regtest/spec/bin/printenv.pyc
   482 51c4c3477198796c6dd7e8c925bd594e _tmp/regtest/build/setup.pyc
   527 2daa02a25b4f2598646f275e30b19764 _tmp/regtest/build/setup_fastlex.pyc
   528 b86ffa2a4b8fb6936d5180b3078a48dc _tmp/regtest/build/testdata/lib.pyc
   535 d15858f4eb47788c0e0c2ab0f59bea50 _tmp/regtest/benchmarks/fake_libc.pyc
   591 5de4a8b995e624fedfeafe098fff0124 _tmp/regtest/opy/tests/genexpr_simple.pyc
   656 ced2ed2e11738285ebd68a84e55b637f _tmp/regtest/opy/misc/ccompile.pyc
   743 ec1d968ed3a79d81ef751b7583c3a35a _tmp/regtest/spec/bin/stdout_stderr.pyc
   779 fd1388e64ea4b7199503157d840b1cc3 _tmp/regtest/core/word_test.pyc
   801 c2d674b4b914b76b3058ae65d024b0ab _tmp/regtest/opy/tests/genexpr.pyc
   803 335302c9c898a254fa20d5e4ab484ad3 _tmp/regtest/asdl/py_meta_test.pyc
   823 5a440f929760bbd1f36d3bfa4b3779f8 _tmp/regtest/core/word_eval_test.pyc
   834 4a3120879710a4fd9f9d6039e4dade55 _tmp/regtest/opy/compiler2/consts.pyc
   845 0eea196e032e82f3ddc932265ce3b640 _tmp/regtest/asdl/arith_ast.pyc
   899 0dd9d5f5018f43b257a438ad9680d1c1 _tmp/regtest/opy/util_opy.pyc
  1010 338f3f9966140f857e952f610a3918db _tmp/regtest/spec/bin/read_from_fd.pyc
  1055 651a2aa19c35c6a1c53b70ee16e37fd8 _tmp/regtest/spec/bin/show_fd_table.pyc
  1087 e71ef76eb83b1759818169d3e070d474 _tmp/regtest/opy/callgraph_test.pyc
  1088 22a22f5a6cbe0003b0424ba42f848c12 _tmp/regtest/opy/misc/determinism.pyc
  1104 b9f7b86b4606c658ffff90df865fc158 _tmp/regtest/opy/misc/pgen_ast.pyc
  1117 3692d6751f59dd847e62c21867a3872e _tmp/regtest/tools/csv_concat.pyc
  1117 39d7efe30bf9277115f4f77864b78689 _tmp/regtest/build/app_deps_test.pyc
  1164 50f215218a0a266c038c79cbf3d26742 _tmp/regtest/opy/compiler2/pyassem_test.pyc
  1216 27c294b47744e7f34358e7dfbc5fb5de _tmp/regtest/asdl/encode_test.pyc
  1220 21d76e6458e23d09e6558296f0849c99 _tmp/regtest/osh/ast_gen.pyc
  1238 b8c2fa257d0e341cfa8d52403fa4dd48 _tmp/regtest/build/c_module_toc.pyc
  1268 1e6f991b811a055398db97a6bc5ae2ef _tmp/regtest/spec/coproc.pyc
  1282 c8ec886871806842a034742d58292fb2 _tmp/regtest/opy/byterun/execfile.pyc
  1333 037b5cf002744b0f802e6866a8b1983f _tmp/regtest/build/make_zip.pyc
  1382 fe9e614fc726072aeb63a7e0c2f7aca5 _tmp/regtest/core/libstr_test.pyc
  1551 179f968ddf1efb04ab6c98735302cb41 _tmp/regtest/core/lexer_gen_test.pyc
  1588 cfd0446b75fdfef6f1fededcadaa8582 _tmp/regtest/opy/tools/compile.pyc
  1663 cf927af11e5e01b15791369f3eaf4c0c _tmp/regtest/build/c_module_srcs.pyc
  1684 51a977aabd01506a2d11f64d9b7d4e57 _tmp/regtest/asdl/format_test.pyc
  1686 0f2c4a8e2b9e02d288e248b1f86042cf _tmp/regtest/opy/misc/stdlib_compile.pyc
  1755 a51c668c54115558c07a9bd7a5a344fc _tmp/regtest/opy/tools/demo.pyc
  1766 aa837d09bca84a44e0a713b94d1adf02 _tmp/regtest/opy/callgraph_demo.pyc
  1813 572aa3a0df2f1f4cb9ba9e5d4aab60e3 _tmp/regtest/core/util_test.pyc
  1857 946fd25c287846c3137969093987a942 _tmp/regtest/core/lexer_test.pyc
  1877 14d1b4e8c6bcae80b13c913283a545fd _tmp/regtest/core/builtin_test.pyc
  1881 252f5364821475ebe8b63da3e6feb47d _tmp/regtest/opy/tools/stacktest.pyc
  1920 1b676ff91c2f3ca4e6f0618f390e767b _tmp/regtest/core/alloc_test.pyc
  2030 d3c6c68bc1f368500b40cd286f230378 _tmp/regtest/build/testdata/hello.pyc
  2074 ff005e163a77ae77cae8b6aa3c4155b8 _tmp/regtest/_devbuild/gen/types_asdl.pyc
  2110 807a1b9c678794d5e3bcc7f57878792d _tmp/regtest/opy/misc/py_ast.pyc
  2144 5432df82c867ae5be1542809e5dba201 _tmp/regtest/encodings/utf_8.pyc
  2208 44b470883caa467778b785f0d61427d9 _tmp/regtest/keyword.pyc
  2217 04ce0a704c220670307ea2f9b9e0c041 _tmp/regtest/core/reader_test.pyc
  2262 05d686509b5fd4b0f3c4b0f5976f4161 _tmp/regtest/opy/compiler2/syntax.pyc
  2268 b39a4ac387103f5c0bb0f34c8356c21f _tmp/regtest/opy/compiler2/symbols_test.pyc
  2286 49efd2a85ebcc9288120ecb1df23753a _tmp/regtest/tools/osh2oil_test.pyc
  2453 e69331727e6f79964dcb7e1e21118a81 _tmp/regtest/core/test_lib.pyc
  2455 a7b626c66744ffb0f93104fb3b4c1f4f _tmp/regtest/benchmarks/time.pyc
  2547 178e708eef1d1a6d9c9d0c9006536b91 _tmp/regtest/asdl/asdl_demo.pyc
  2601 4c0d9ef8d9eb92c3384189caa2e2ecae _tmp/regtest/core/word_compile.pyc
  2640 31e838293b2caf82fdafabbd3c9c64f4 _tmp/regtest/core/libstr.pyc
  2640 d98186573237c6762f571c45816a2459 _tmp/regtest/native/fastlex_test.pyc
  2666 f743f2da8f9330956a0d0e4ece52a0f0 _tmp/regtest/native/libc_test.pyc
  2737 f41be60880398934828bb3f0c75d88ad _tmp/regtest/atexit.pyc
  2746 9942a106fc298536b214f611fc2f49d0 _tmp/regtest/opy/pgen2/token.pyc
  2769 e5153445e33077d2995ddceae21140ad _tmp/regtest/build/runpy_deps.pyc
  2819 3913c2dac884ee9d0a7697b4cf8d844e _tmp/regtest/bin/opy_.pyc
  2855 554887965c5d231df3d319796db90bcd _tmp/regtest/benchmarks/virtual_memory.pyc
  2899 a15f7809e60769f62fa855de874f2ab3 _tmp/regtest/benchmarks/pytrace.pyc
  3064 a62398950ae44c26b8fb530a999ffd18 _tmp/regtest/types.pyc
  3119 90c03f81caaa9c794f3dc506b3c1565a _tmp/regtest/_devbuild/gen/osh_help.pyc
  3168 78024d0158f0b23375ff101a729a3fe9 _tmp/regtest/opy/byterun/vmtest.pyc
  3174 b4c8237ef15afb3e4530be27e2ff5ef2 _tmp/regtest/stat.pyc
  3223 45b395514a918e04ea36f231dfcdc43e _tmp/regtest/osh/ast_lib.pyc
  3381 60605525272983e91fba73f96f6d0ea8 _tmp/regtest/opy/tools/regrtest.pyc
  3478 dd09122f698632358bbd720cc5e97968 _tmp/regtest/opy/compiler2/future.pyc
  3498 6be50c258f6dd9985c913d0acc49d2b2 _tmp/regtest/test/sh_spec_test.pyc
  3761 527d1977f477e61472d93d36c539bb26 _tmp/regtest/core/glob_test.pyc
  3873 cc099f21a50a303de58279ccf8fd2c4c _tmp/regtest/io.pyc
  3902 535b460eeae89fb0bfc684d764fb2462 _tmp/regtest/linecache.pyc
  4006 20e79dc95e8d1cd92aafa5d00b2572a2 _tmp/regtest/opy/pgen2/driver.pyc
  4103 d06ad51a90baa48495c6588286c6827e _tmp/regtest/genericpath.pyc
  4157 08e3878abd23a8093d252c7044df727b _tmp/regtest/core/braces_test.pyc
  4194 f9d417154a0bf0da679fb957bc3eeadc _tmp/regtest/core/reader.pyc
  4238 09a4df5015792a7770ee7eace0145892 _tmp/regtest/osh/arith_parse_test.pyc
  4261 acbdc931c4df3ada5597720b5d5b8eed _tmp/regtest/opy/compiler2/misc.pyc
  4294 ffb82e558a82a122e6e27ba9274602ca _tmp/regtest/osh/meta.pyc
  4330 0b4f35f0d70efef473f2e0d80b1adf48 _tmp/regtest/build/app_deps.pyc
  4371 9a488d36ee8a24b3bd483831ad8c2db0 _tmp/regtest/__future__.pyc
  4480 8709cf751b028c3417a8e8f446aaa1b4 _tmp/regtest/tools/deps.pyc
  4532 5e287e71d722f946d6143534badb9798 _tmp/regtest/core/legacy_test.pyc
  4613 16712003b2b016e18d65c187297ee9db _tmp/regtest/core/id_kind_test.pyc
  4618 866a47cb6e9d0800a8081478081c113f _tmp/regtest/asdl/visitor.pyc
  4632 b08545054821d40c7572a735daddbc4c _tmp/regtest/osh/bool_parse_test.pyc
  4651 c20ea304f2be7b5564b5cc74447c168c _tmp/regtest/opy/compiler2/visitor.pyc
  4653 ae0eb21dabefb51d94ce1752f3af2e17 _tmp/regtest/core/process_test.pyc
  4817 858dba6b07633e3501b2aea59416c706 _tmp/regtest/core/id_kind_gen.pyc
  4881 8b71c2126096e11ef800356891c66130 _tmp/regtest/asdl/gen_python.pyc
  5062 b805c171f95636e88a4f4a664c995b82 _tmp/regtest/core/args_test.pyc
  5136 b6a09aadcf181b5096d68ca034e473ed _tmp/regtest/encodings/__init__.pyc
  5180 b9a6011c335c092e46f31606c148120d _tmp/regtest/core/cmd_exec_test.pyc
  5266 b9b6fa8dc51fe32b2e30083b3ab87eab _tmp/regtest/core/ui.pyc
  5412 453edb810fc4eb971ed8d5757c8f8e6d _tmp/regtest/osh/parse_lib.pyc
  5515 b37b3f06e263b2fa0cf4256a93017d98 _tmp/regtest/core/glob_.pyc
  5582 d4f2faaa63f6882c9575b8b3c25f3de9 _tmp/regtest/asdl/arith_ast_test.pyc
  5757 7c26dcd34a2bb8f08d24f4e978aeafd2 _tmp/regtest/copy_reg.pyc
  5850 2d7a5749dc31c3fcc47ed837a98e749d _tmp/regtest/dummy_thread.pyc
  6224 9b2cdf1cabe9f83b7afe066fe8cae981 _tmp/regtest/core/test_builtin.pyc
  6239 004cd1dcca462d92d0ca6d8d721d4f00 _tmp/regtest/opcode.pyc
  6309 60b19a692379b2fa16bef36436b0fb6b _tmp/regtest/opy/compiler2/opcode.pyc
  6639 f8ccbbba886a7c73a6a58083cf9c99b4 _tmp/regtest/opy/byterun/test_exceptions.pyc
  6644 29908e29573927e8d7750095ae73b05f _tmp/regtest/functools.pyc
  6785 3c0e5a57972fb0e363183bae89a91cdd _tmp/regtest/sre_constants.pyc
  7089 1174320e2946413fc7e978acfcccc497 _tmp/regtest/build/quick_ref.pyc
  7289 e10106b40fb0d4009f1bae6d9f9b6845 _tmp/regtest/core/braces.pyc
  7326 e238c6a96a33cade7d08648fe224cefe _tmp/regtest/abc.pyc
  7359 92c3f2ec8a19213e0f9afbd9c94086f4 _tmp/regtest/core/alloc.pyc
  7591 fd43c7004310ca8c19fd97120112532f _tmp/regtest/dis.pyc
  7652 7caf3dc0d4aa4ebc16e3511cd67b617b _tmp/regtest/hashlib.pyc
  7774 fc1732a48408bd7208990281df58d48e _tmp/regtest/osh/arith_parse.pyc
  7815 f3f8649d0be405ad8834af95a9010b51 _tmp/regtest/opy/pgen2/parse.pyc
  7908 aa930e02d6da9ed12904933596fb3f64 _tmp/regtest/core/state_test.pyc
  7910 fec6c411ef815e7a9c3008322a7bf3a1 _tmp/regtest/opy/pgen2/grammar.pyc
  7930 91874e641aa5c30c4ec45542649bbac1 _tmp/regtest/asdl/arith_parse_test.pyc
  8294 7d2b697b456b4e0badb387b8328fda6e _tmp/regtest/asdl/arith_parse.pyc
  8354 bdc6076283ddd6a7ea03a00d535e9e9a _tmp/regtest/osh/bool_parse.pyc
  8467 5d1134b41722364cf3b676b76e995b40 _tmp/regtest/core/lexer_gen.pyc
  8772 dd457acd09a56788020dc6220938b37d _tmp/regtest/encodings/aliases.pyc
  8979 8cd272936e049ff6cd1cdeb926b1d04d _tmp/regtest/opy/misc/inspect_pyc.pyc
  9047 2c9296eb4e11b168e3b7e1157630e7ec _tmp/regtest/core/lexer.pyc
  9053 05bb6dcc96ed566ce2b12e4e0762874d _tmp/regtest/asdl/encode.pyc
  9161 c5cd11e827b8701de0f0570bb3c7eb98 _tmp/regtest/core/completion_test.pyc
  9263 807e8b1dcbc09daf1efcb76e0f6c05ca _tmp/regtest/asdl/py_meta.pyc
  9320 990ddd712c22fe9a538b693b48bdcbfe _tmp/regtest/asdl/tdop.pyc
  9430 55c117fa40d8b65b5caf648db19bab2c _tmp/regtest/osh/lex_test.pyc
  9568 5f9598615b2070550e12d38a65fd48f1 _tmp/regtest/opy/byterun/pyobj.pyc
  9875 7efb7d27d701e8113f68c6cdcc764e61 _tmp/regtest/core/util.pyc
  9881 ccdb3e893d23576857e9e68cf24bb63f _tmp/regtest/core/legacy.pyc
 10513 54a627997dabacb3c7c668b3b493d22e _tmp/regtest/runpy.pyc
 10555 607e9e9543036fc77688fbc07a3dcf45 _tmp/regtest/opy/opy_main.pyc
 10802 41b4b7f7c82b5975c2b78f9726befd1e _tmp/regtest/UserDict.pyc
 10951 3169174488da51bf746448c4b31c8ef8 _tmp/regtest/_weakrefset.pyc
 11111 516ad8bd7dddeab5dcfe1cca2bbf2b94 _tmp/regtest/core/id_kind.pyc
 11552 92dc1b197b392d83016d1dfae55caeda _tmp/regtest/osh/lex.pyc
 11734 84c24544e5d2bf7ac259fddb619d94c5 _tmp/regtest/opy/callgraph.pyc
 12138 29811bcf26338d771a3085147dcbb978 _tmp/regtest/web/table/csv2html.pyc
 12474 e94ce032309577e7f9ec9fee255c5185 _tmp/regtest/opy/tools/astgen.pyc
 12541 511ab59202bac6ea215ef4a7ac2d23b7 _tmp/regtest/opy/byterun/test_with.pyc
 12789 1b70b764afb28c0e0cddd3017b33fd62 _tmp/regtest/posixpath.pyc
 12881 93d533afff1007b9e56148b1a497770f _tmp/regtest/Lib/posixpath.pyc
 13124 0242d85137329e1b61ecac8f6e7ed811 _tmp/regtest/traceback.pyc
 13397 593e37a5b33d471c5ea821e2730673f1 _tmp/regtest/core/tdop.pyc
 13435 28a868b5b4e4240412be728c27e92ed4 _tmp/regtest/_devbuild/gen/runtime_asdl.pyc
 13538 e92d94ff8a07d9db4b5371dca8a06443 _tmp/regtest/asdl/gen_cpp.pyc
 13604 4eefbd52c2231537fd5014f41f4b7486 _tmp/regtest/textwrap.pyc
 13677 2c60c3eff642e1e82b819d8fc206e3e5 _tmp/regtest/sre_compile.pyc
 14104 478bb25df4da94a82db8aadb1740af39 _tmp/regtest/copy.pyc
 14191 7b2b7db6861d8dc52238eed66adadf12 _tmp/regtest/opy/pgen2/pgen.pyc
 14254 de29ea617a6a7a9329530d6112273f99 _tmp/regtest/opy/byterun/test_functions.pyc
 14555 513aa44211628ef3d807b400e2b94fa5 _tmp/regtest/core/word.pyc
 14598 6946887d52866e020fb73c92bff2349d _tmp/regtest/re.pyc
 15242 8cae99e745b4400b59a12029293f2787 _tmp/regtest/warnings.pyc
 15446 a5f035e3efb0db2426d41678cb594010 _tmp/regtest/core/args.pyc
 15785 bfc72e6e6f4702ce4207fdb4c6100165 _tmp/regtest/test/wild_report.pyc
 15857 28500e30aa683759ec3d1c00e9ea1b84 _tmp/regtest/core/expr_eval.pyc
 15992 381b0af2d38222602346a36e3efce693 _tmp/regtest/heapq.pyc
 16021 29fa9fcabdec1b13d882010778541389 _tmp/regtest/osh/word_parse_test.pyc
 16258 dd54dc0b98f1993630ed35d096bda1da _tmp/regtest/bin/oil.pyc
 17752 c03ad2c8c83c07fdfa38a2c29e62c92c _tmp/regtest/asdl/format.pyc
 19098 a4945198423b0fd1264fb3e3f741e756 _tmp/regtest/weakref.pyc
 19260 e53f80c0d6a92a45348ad60330a7464a _tmp/regtest/opy/pgen2/tokenize.pyc
 19668 883ce5f22bc5f59a8f5a987c3c5efbfd _tmp/regtest/opy/compiler2/symbols.pyc
 20380 07e6d9de4af9ac95f958ce335da48414 _tmp/regtest/gettext.pyc
 21771 eebb3191f027752ed6bf3f2674407bb1 _tmp/regtest/pkgutil.pyc
 21808 e983b608a4f40b470be70345275eb74e _tmp/regtest/tools/osh2oil.pyc
 22097 c6fd4a05622d86589afbfcf44ca35539 _tmp/regtest/sre_parse.pyc
 22583 f9ff893372cf56f2ea1ead2d0353bb9c _tmp/regtest/string.pyc
 23076 644e28a47df127b71145bd4534b85f46 _tmp/regtest/core/process.pyc
 23296 2a7a9e6860a822854d9ce44db3dc6c3c _tmp/regtest/core/completion.pyc
 23686 ae954683df01986a8d54a289703b79ca _tmp/regtest/opy/byterun/test_basic.pyc
 24093 82b4f9450f775429de9b6bec6d610471 _tmp/regtest/core/state.pyc
 24592 a20e824a124b85977f5ecad66ecfc10a _tmp/regtest/core/word_eval.pyc
 25148 0b60bfedea71dedda4cbc72703b40cd3 _tmp/regtest/asdl/asdl_.pyc
 28408 447bc9bfb31160b12f283fa79f3049a0 _tmp/regtest/os.pyc
 28982 abe90a58297303456ac3eafa363f025f _tmp/regtest/test/sh_spec.pyc
 29065 e6f69b0e079e5cf1ed963bc839d4987d _tmp/regtest/_abcoll.pyc
 29386 3be9487b60571ad701511a82ffee1efb _tmp/regtest/collections.pyc
 30189 f35996cd972c094ecaad6088af2c72b6 _tmp/regtest/opy/compiler2/pyassem.pyc
 30803 59826d491e4d5f88419478d37d56c465 _tmp/regtest/core/builtin.pyc
 32295 29b6c155971a78b46cae1c83500f7efb _tmp/regtest/osh/word_parse.pyc
 32295 3f24a5980d6761b920977cfa7856a65d _tmp/regtest/opy/pytree.pyc
 38740 a2092fde7e41418df0f95ff86111660b _tmp/regtest/core/cmd_exec.pyc
 40273 698babdbd80311cdcfec266815ca6ce8 _tmp/regtest/opy/byterun/pyvm2.pyc
 40555 2a2ba88fa79454c4167269134d4d095b _tmp/regtest/platform.pyc
 40808 32563c5dd8f47f81e23745fcd3e3d82a _tmp/regtest/codecs.pyc
 41591 12ea1057ab21de139c9216476f70e715 _tmp/regtest/osh/cmd_parse_test.pyc
 41806 0af6b2c2951e2c2e7f04261b4d6de832 _tmp/regtest/osh/cmd_parse.pyc
 43030 bed6a77433b8a9c924de20388330130b _tmp/regtest/pickle.pyc
 45070 fd2c2c16b5c61b346c50e038b0951086 _tmp/regtest/_devbuild/gen/osh_asdl.pyc
 56695 dc4402957b8a978b829a9dd196550908 _tmp/regtest/opy/compiler2/transformer.pyc
 57165 2c07e6823dbcee196553599c9d6ea8d4 _tmp/regtest/locale.pyc
 59976 7ea8b29a98a017ee6aba911d78c3d599 _tmp/regtest/optparse.pyc
 64801 85be971719afb531e9e90d0a42b62490 _tmp/regtest/opy/compiler2/pycodegen.pyc
 65169 17e417185a586f2c50aa8753b34f7e4d _tmp/regtest/logging/__init__.pyc
 81561 fc68aabb67bc1ca842d3bd2fff1c746d _tmp/regtest/opy/compiler2/ast.pyc
